---
source: tasks/website/src/linter/json_schema.rs
expression: snapshot
---
# Oxlint Configuration File

This configuration is aligned with ESLint v8's configuration schema (`eslintrc.json`).

Usage: `oxlint -c oxlintrc.json`

::: danger NOTE

Only the `.json` format is supported. You can use comments in configuration files.

:::

Example

`.oxlintrc.json`

```json
{
  "env": {
    "browser": true
  },
  "globals": {
    "foo": "readonly"
  },
  "settings": {},
  "rules": {
    "eqeqeq": "warn"
  }
}
```


## env






## globals






## rules


See [Oxlint Rules](./rules)



## settings
