commit: d8086f14

codegen_typescript Summary:
AST Parsed     : 6456/6456 (100.00%)
Positive Passed: 6455/6456 (99.98%)
Normal failed: "compiler/deferredConditionalTypes2.ts"
